// Jest Snapshot v1, https://goo.gl/fbAQLP

exports[`ButtonGroup Component render as before. 1`] = `
<DocumentFragment>
  <div
    class="button__group"
  >
    <button
      class="button --nope"
    >
      <img
        alt="button icon"
        src="test-file-stub"
      />
    </button>
    <button
      class="button --profile"
    >
      <img
        alt="button icon"
        src="test-file-stub"
      />
    </button>
    <button
      class="button --like"
    >
      <img
        alt="button icon"
        src="test-file-stub"
      />
    </button>
  </div>
</DocumentFragment>
`;
